<area shape="rect" href="box.html" title="box" alt="" coords="2154,38,2226,86">
<area shape="rect" href="bkgd.html" title="bkgd" alt="" coords="2577,134,2649,182">
<area shape="rect" href="noise.html" title="noise" alt="" coords="2830,134,2905,182">
<area shape="rect" href="ww_2222.html" title="ww_2222" alt="" coords="2402,134,2512,182">
<area shape="rect" href="cmn_2.html" title="cmn_2" alt="" coords="5805,134,5890,182">
<area shape="rect" href="imn_2.html" title="imn_2" alt="" coords="5794,230,5877,278">
<area shape="rect" href="mn_2.html" title="mn_2" alt="" coords="5901,230,5978,278">
<area shape="rect" href="cn_2.html" title="cn_2" alt="" coords="6170,134,6242,182">
<area shape="rect" href="in_2.html" title="in_2" alt="" coords="6330,230,6402,278">
<area shape="rect" href="n_2.html" title="n_2" alt="" coords="6097,230,6169,278">
<area shape="rect" href="cn_2_alt0.html" title="cn_2_alt0" alt="" coords="6266,134,6376,182">
<area shape="rect" href="cnn_2.html" title="cnn_2" alt="" coords="250,38,330,86">
<area shape="rect" href="inn_2.html" title="inn_2" alt="" coords="253,134,330,182">
<area shape="rect" href="nn_2.html" title="nn_2" alt="" coords="354,134,426,182">
<area shape="rect" href="cnn_22.html" title="cnn_22" alt="" coords="3984,38,4074,86">
<area shape="rect" href="nn_22.html" title="nn_22" alt="" coords="4296,134,4376,182">
<area shape="rect" href="cnv22.html" title="cnv22" alt="" coords="5965,134,6045,182">
<area shape="rect" href="cnvmt.html" title="cnvmt" alt="" coords="6546,230,6626,278">
<area shape="rect" href="cnv2_script.html" title="cnv2_script" alt="" coords="6802,134,6925,182">
<area shape="rect" href="tr_2.html" title="tr_2" alt="" coords="6773,230,6845,278">
<area shape="rect" href="tr_2mtx.html" title="tr_2mtx" alt="" coords="6869,230,6965,278">
<area shape="rect" href="com222.html" title="com222" alt="" coords="2722,38,2818,86">
<area shape="rect" href="tem22.html" title="tem22" alt="" coords="2698,134,2781,182">
<area shape="rect" href="comute22.html" title="comute22" alt="" coords="2474,38,2584,86">
<area shape="rect" href="dgn22.html" title="dgn22" alt="" coords="1797,134,1877,182">
<area shape="rect" href="ft2.html" title="ft2" alt="" coords="1505,230,1577,278">
<area shape="rect" href="ft4.html" title="ft4" alt="" coords="1913,230,1985,278">
<area shape="rect" href="dsum22.html" title="dsum22" alt="" coords="1162,38,1256,86">
<area shape="rect" href="in2n2.html" title="in2n2" alt="" coords="1170,134,1248,182">
<area shape="rect" href="n2n2.html" title="n2n2" alt="" coords="1272,134,1344,182">
<area shape="rect" href="scene.html" title="scene" alt="" coords="1069,134,1146,182">
<area shape="rect" href="p4.html" title="p4" alt="" coords="965,230,1037,278">
<area shape="rect" href="rrtt.html" title="rrtt" alt="" coords="865,230,937,278">
<area shape="rect" href="trsl.html" title="trsl" alt="" coords="1068,230,1140,278">
<area shape="rect" href="dsum4.html" title="dsum4" alt="" coords="7088,38,7173,86">
<area shape="rect" href="drct3.html" title="drct3" alt="" coords="7045,134,7117,182">
<area shape="rect" href="idrct3.html" title="idrct3" alt="" coords="7141,134,7218,182">
<area shape="rect" href="e_4_2.html" title="e_4_2" alt="" coords="7352,38,7432,86">
<area shape="rect" href="in_4_2.html" title="in_4_2" alt="" coords="7242,134,7328,182">
<area shape="rect" href="n_4_2.html" title="n_4_2" alt="" coords="7352,134,7432,182">
<area shape="rect" href="un_4_2.html" title="un_4_2" alt="" coords="7456,134,7546,182">
<area shape="rect" href="e_4f_2.html" title="e_4f_2" alt="" coords="138,38,224,86">
<area shape="rect" href="im_4n_2.html" title="im_4n_2" alt="" coords="8,134,109,182">
<area shape="rect" href="m_4n_2.html" title="m_4n_2" alt="" coords="133,134,229,182">
<area shape="rect" href="ee2.html" title="ee2" alt="" coords="450,38,522,86">
<area shape="rect" href="dd2.html" title="dd2" alt="" coords="450,134,522,182">
<area shape="rect" href="ee4.html" title="ee4" alt="" coords="642,38,714,86">
<area shape="rect" href="ikk4.html" title="ikk4" alt="" coords="546,134,618,182">
<area shape="rect" href="kk4.html" title="kk4" alt="" coords="642,134,714,182">
<area shape="rect" href="ee6.html" title="ee6" alt="" coords="2058,38,2130,86">
<area shape="rect" href="nn6.html" title="nn6" alt="" coords="973,134,1045,182">
<area shape="rect" href="ee_2.html" title="ee_2" alt="" coords="354,38,426,86">
<area shape="rect" href="ee_22.html" title="ee_22" alt="" coords="4402,38,4482,86">
<area shape="rect" href="inn_22.html" title="inn_22" alt="" coords="4400,134,4485,182">
<area shape="rect" href="ee_222.html" title="ee_222" alt="" coords="3272,38,3360,86">
<area shape="rect" href="ww_222.html" title="ww_222" alt="" coords="3140,134,3238,182">
<area shape="rect" href="ee_2222.html" title="ee_2222" alt="" coords="1813,38,1912,86">
<area shape="rect" href="ee_22_2.html" title="ee_22_2" alt="" coords="1936,38,2034,86">
<area shape="rect" href="inn_22_2.html" title="inn_22_2" alt="" coords="2144,134,2248,182">
<area shape="rect" href="nn_22_2.html" title="nn_22_2" alt="" coords="2021,134,2120,182">
<area shape="rect" href="ee_22_alt0.html" title="ee_22_alt0" alt="" coords="3130,38,3248,86">
<area shape="rect" href="ww_22.html" title="ww_22" alt="" coords="2929,134,3020,182">
<area shape="rect" href="ee_4.html" title="ee_4" alt="" coords="3496,38,3568,86">
<area shape="rect" href="inn_4.html" title="inn_4" alt="" coords="3497,134,3574,182">
<area shape="rect" href="nn_4.html" title="nn_4" alt="" coords="3598,134,3670,182">
<area shape="rect" href="ee_4_2.html" title="ee_4_2" alt="" coords="3384,38,3472,86">
<area shape="rect" href="inn_4_2.html" title="inn_4_2" alt="" coords="3262,134,3358,182">
<area shape="rect" href="nn_4_2.html" title="nn_4_2" alt="" coords="3382,134,3473,182">
<area shape="rect" href="ee_6.html" title="ee_6" alt="" coords="7654,38,7726,86">
<area shape="rect" href="ikk6.html" title="ikk6" alt="" coords="7570,134,7642,182">
<area shape="rect" href="kk6.html" title="kk6" alt="" coords="7666,134,7738,182">
<area shape="rect" href="q_sls.html" title="q_sls" alt="" coords="7762,134,7834,182">
<area shape="rect" href="even2.html" title="even2" alt="" coords="6166,38,6246,86">
<area shape="rect" href="even4.html" title="even4" alt="" coords="1286,38,1366,86">
<area shape="rect" href="nn2_4.html" title="nn2_4" alt="" coords="1501,134,1581,182">
<area shape="rect" href="even6.html" title="even6" alt="" coords="976,38,1056,86">
<area shape="rect" href="scenexy.html" title="scenexy" alt="" coords="853,134,949,182">
<area shape="rect" href="even6_alt0.html" title="even6_alt0" alt="" coords="834,38,952,86">
<area shape="rect" href="ex9_2.html" title="ex9_2" alt="" coords="4194,38,4274,86">
<area shape="rect" href="ex9_3.html" title="ex9_3" alt="" coords="4298,38,4378,86">
<area shape="rect" href="ex_rt2.html" title="ex_rt2" alt="" coords="4720,38,4802,86">
<area shape="rect" href="abeltr.html" title="abeltr" alt="" coords="4610,134,4688,182">
<area shape="rect" href="ff_6.html" title="ff_6" alt="" coords="7750,38,7822,86">
<area shape="rect" href="flt1.html" title="flt1" alt="" coords="3696,38,3768,86">
<area shape="rect" href="dd22.html" title="dd22" alt="" coords="3696,134,3768,182">
<area shape="rect" href="fnd.html" title="fnd" alt="" coords="3034,38,3106,86">
<area shape="rect" href="lct3.html" title="lct3" alt="" coords="3044,134,3116,182">
<area shape="rect" href="fnd8.html" title="fnd8" alt="" coords="2938,38,3010,86">
<area shape="rect" href="gmn_2.html" title="gmn_2" alt="" coords="5541,134,5626,182">
<area shape="rect" href="cnv2mt.html" title="cnv2mt" alt="" coords="5592,230,5682,278">
<area shape="rect" href="gn_2.html" title="gn_2" alt="" coords="6501,134,6573,182">
<area shape="rect" href="gn_22.html" title="gn_22" alt="" coords="6597,134,6677,182">
<area shape="rect" href="gnn_2.html" title="gnn_2" alt="" coords="5650,134,5730,182">
<area shape="rect" href="idgn_22.html" title="idgn_22" alt="" coords="1901,134,1997,182">
<area shape="rect" href="imm2_22.html" title="imm2_22" alt="" coords="2272,134,2378,182">
<area shape="rect" href="lct.html" title="lct" alt="" coords="4922,38,4994,86">
<area shape="rect" href="mysort.html" title="mysort" alt="" coords="4885,134,4970,182">
<area shape="rect" href="lct1.html" title="lct1" alt="" coords="5018,38,5090,86">
<area shape="rect" href="lct2.html" title="lct2" alt="" coords="4826,38,4898,86">
<area shape="rect" href="new22.html" title="new22" alt="" coords="1704,38,1789,86">
<area shape="rect" href="nn_4_alt0.html" title="nn_4_alt0" alt="" coords="1368,134,1477,182">
<area shape="rect" href="one_4.html" title="one_4" alt="" coords="7890,38,7970,86">
<area shape="rect" href="is2_4.html" title="is2_4" alt="" coords="7881,134,7956,182">
<area shape="rect" href="s2_4.html" title="s2_4" alt="" coords="7980,134,8052,182">
<area shape="rect" href="other22.html" title="other22" alt="" coords="2608,38,2698,86">
<area shape="rect" href="pat5.html" title="pat5" alt="" coords="2842,38,2914,86">
<area shape="rect" href="prog8.html" title="prog8" alt="" coords="3592,38,3672,86">
<area shape="rect" href="rain.html" title="rain" alt="" coords="4098,38,4170,86">
<area shape="rect" href="rt1.html" title="rt1" alt="" coords="4506,38,4578,86">
<area shape="rect" href="rt1_alt0.html" title="rt1_alt0" alt="" coords="4602,38,4696,86">
<area shape="rect" href="sample.html" title="sample" alt="" coords="2250,38,2338,86">
<area shape="rect" href="sb2sp4.html" title="sb2sp4" alt="" coords="2362,38,2450,86">
<area shape="rect" href="slope.html" title="slope" alt="" coords="8074,38,8149,86">
<area shape="rect" href="isop.html" title="isop" alt="" coords="8076,134,8148,182">
<area shape="rect" href="slp.html" title="slp" alt="" coords="3792,38,3864,86">
<area shape="rect" href="sn2_4.html" title="sn2_4" alt="" coords="1397,38,1477,86">
<area shape="rect" href="sqnc4.html" title="sqnc4" alt="" coords="1501,38,1578,86">
<area shape="rect" href="tmn_2.html" title="tmn_2" alt="" coords="5766,38,5849,86">
<area shape="rect" href="tn_2.html" title="tn_2" alt="" coords="6349,38,6421,86">
<area shape="rect" href="tn_22.html" title="tn_22" alt="" coords="6701,38,6778,86">
<area shape="rect" href="in_22.html" title="in_22" alt="" coords="6701,134,6778,182">
<area shape="rect" href="n_22.html" title="n_22" alt="" coords="6949,134,7021,182">
<area shape="rect" href="tnn_22.html" title="tnn_22" alt="" coords="5114,38,5202,86">
<area shape="rect" href="gnn_22.html" title="gnn_22" alt="" coords="5229,134,5320,182">
<area shape="rect" href="rho1to2.html" title="rho1to2" alt="" coords="4994,134,5088,182">
<area shape="rect" href="rho2to1.html" title="rho2to1" alt="" coords="5112,134,5205,182">
<area shape="rect" href="tnn_4.html" title="tnn_4" alt="" coords="1602,38,1680,86">
<area shape="rect" href="iscl4.html" title="iscl4" alt="" coords="1701,134,1773,182">
<area shape="rect" href="scl4.html" title="scl4" alt="" coords="1605,134,1677,182">
<area shape="rect" href="trns.html" title="trns" alt="" coords="3888,38,3960,86">
<area shape="rect" href="twos16.html" title="twos16" alt="" coords="738,134,829,182">
<area shape="rect" href="iscl2_16.html" title="iscl2_16" alt="" coords="620,230,718,278">
<area shape="rect" href="scl2_16.html" title="scl2_16" alt="" coords="742,230,836,278">
<area shape="rect" href="vid6.html" title="vid6" alt="" coords="5346,38,5418,86">
<area shape="rect" href="imm6.html" title="imm6" alt="" coords="5344,134,5421,182">
<area shape="rect" href="mm6.html" title="mm6" alt="" coords="5445,134,5517,182">
<area shape="rect" href="Contents.html" title="Contents" alt="" coords="8173,38,8274,86">
<area shape="rect" href="abel.html" title="abel" alt="" coords="8298,38,8370,86">
<area shape="rect" href="abel_tr.html" title="abel_tr" alt="" coords="8394,38,8480,86">
<area shape="rect" href="cc22.html" title="cc22" alt="" coords="8504,38,8576,86">
<area shape="rect" href="cnnv2.html" title="cnnv2" alt="" coords="8600,38,8680,86">
<area shape="rect" href="conv2sdp.html" title="conv2sdp" alt="" coords="8704,38,8810,86">
<area shape="rect" href="crc2.html" title="crc2" alt="" coords="8834,38,8906,86">
<area shape="rect" href="dd4.html" title="dd4" alt="" coords="8930,38,9002,86">
<area shape="rect" href="dn_2.html" title="dn_2" alt="" coords="9026,38,9098,86">
<area shape="rect" href="fft3.html" title="fft3" alt="" coords="9122,38,9194,86">
<area shape="rect" href="fiber.html" title="fiber" alt="" coords="9218,38,9290,86">
<area shape="rect" href="fil22.html" title="fil22" alt="" coords="9314,38,9386,86">
<area shape="rect" href="fline.html" title="fline" alt="" coords="9410,38,9482,86">
<area shape="rect" href="hh6.html" title="hh6" alt="" coords="9506,38,9578,86">
<area shape="rect" href="ifft3.html" title="ifft3" alt="" coords="9602,38,9674,86">
<area shape="rect" href="ihh6.html" title="ihh6" alt="" coords="9698,38,9770,86">
<area shape="rect" href="ikk6_fltr.html" title="ikk6_fltr" alt="" coords="9794,38,9893,86">
<area shape="rect" href="imn_22.html" title="imn_22" alt="" coords="9917,38,10008,86">
<area shape="rect" href="in_2n_2.html" title="in_2n_2" alt="" coords="10032,38,10128,86">
<area shape="rect" href="inn_22_fltr.html" title="inn_22_fltr" alt="" coords="10152,38,10269,86">
<area shape="rect" href="inn_4_fltr.html" title="inn_4_fltr" alt="" coords="10293,38,10402,86">
<area shape="rect" href="iscl2.html" title="iscl2" alt="" coords="10426,38,10498,86">
<area shape="rect" href="iscl32_4.html" title="iscl32_4" alt="" coords="10522,38,10621,86">
<area shape="rect" href="isdpt2_G4.html" title="isdpt2_G4" alt="" coords="10645,38,10757,86">
<area shape="rect" href="isee.html" title="isee" alt="" coords="10781,38,10853,86">
<area shape="rect" href="ism.html" title="ism" alt="" coords="10877,38,10949,86">
<area shape="rect" href="isop3.html" title="isop3" alt="" coords="10973,38,11048,86">
<area shape="rect" href="kk6_fltr.html" title="kk6_fltr" alt="" coords="11072,38,11168,86">
<area shape="rect" href="lct8.html" title="lct8" alt="" coords="11192,38,11264,86">
<area shape="rect" href="llins.html" title="llins" alt="" coords="11288,38,11360,86">
<area shape="rect" href="lum.html" title="lum" alt="" coords="11384,38,11456,86">
<area shape="rect" href="mn_22.html" title="mn_22" alt="" coords="11480,38,11565,86">
<area shape="rect" href="n2x2.html" title="n2x2" alt="" coords="11589,38,11661,86">
<area shape="rect" href="n_2n_2.html" title="n_2n_2" alt="" coords="11685,38,11776,86">
<area shape="rect" href="n_8.html" title="n_8" alt="" coords="11800,38,11872,86">
<area shape="rect" href="nn6_alt0.html" title="nn6_alt0" alt="" coords="11896,38,11994,86">
<area shape="rect" href="nn_22_alt0.html" title="nn_22_alt0" alt="" coords="12018,38,12136,86">
<area shape="rect" href="nn_22_fltr.html" title="nn_22_fltr" alt="" coords="12160,38,12272,86">
<area shape="rect" href="nn_4_alt0_fltr.html" title="nn_4_alt0_fltr" alt="" coords="12296,38,12437,86">
<area shape="rect" href="nn_4_alt1.html" title="nn_4_alt1" alt="" coords="12461,38,12570,86">
<area shape="rect" href="nn_4_fltr.html" title="nn_4_fltr" alt="" coords="12594,38,12698,86">
<area shape="rect" href="noise_fltr.html" title="noise_fltr" alt="" coords="12722,38,12829,86">
<area shape="rect" href="nxnx3.html" title="nxnx3" alt="" coords="12853,38,12933,86">
<area shape="rect" href="obj.html" title="obj" alt="" coords="12957,38,13029,86">
<area shape="rect" href="odd.html" title="odd" alt="" coords="13053,38,13125,86">
<area shape="rect" href="q_next.html" title="q_next" alt="" coords="13149,38,13234,86">
<area shape="rect" href="quads.html" title="quads" alt="" coords="13258,38,13336,86">
<area shape="rect" href="read.html" title="read" alt="" coords="13360,38,13432,86">
<area shape="rect" href="scl2.html" title="scl2" alt="" coords="13456,38,13528,86">
<area shape="rect" href="scl32_4.html" title="scl32_4" alt="" coords="13552,38,13645,86">
<area shape="rect" href="sdpt2_G4.html" title="sdpt2_G4" alt="" coords="13669,38,13776,86">
<area shape="rect" href="shw_sp.html" title="shw_sp" alt="" coords="13800,38,13890,86">
<area shape="rect" href="skwmt.html" title="skwmt" alt="" coords="13914,38,14000,86">
<area shape="rect" href="slps.html" title="slps" alt="" coords="14024,38,14096,86">
<area shape="rect" href="sn2_22.html" title="sn2_22" alt="" coords="14120,38,14208,86">
<area shape="rect" href="snxnx2.html" title="snxnx2" alt="" coords="14232,38,14320,86">
<area shape="rect" href="test1.html" title="test1" alt="" coords="14344,38,14416,86">
<area shape="rect" href="u12_21.html" title="u12_21" alt="" coords="14440,38,14530,86">
<area shape="rect" href="ww_4.html" title="ww_4" alt="" coords="14554,38,14634,86">
